// Jest Snapshot v1, https://goo.gl/fbAQLP

exports[`Link 1`] = `
<a
  className="sc-bdnxRM hJVvQQ"
  href="#"
>
  Link
</a>
`;
