// Jest Snapshot v1, https://goo.gl/fbAQLP

exports[`DemoFooter 1`] = `
<header
  className="sc-bdnxRM bChPyV"
  style={
    Object {
      "transform": "scaleY(1)",
    }
  }
>
  <nav
    style={
      Object {
        "margin": "0px 1em 0px 1em",
      }
    }
  >
    <p
      style={
        Object {
          "color": "white",
          "fontFamily": "Manrope",
        }
      }
    >
      <strong>
        You are browsing a development build of this site.
      </strong>
       Some features may be broken.
    </p>
  </nav>
  <nav
    style={
      Object {
        "margin": "0px 1em 0px 1em",
      }
    }
  >
    <a
      onClick={[Function]}
      style={
        Object {
          "cursor": "pointer",
        }
      }
    >
      <svg
        fill="currentColor"
        height="1em"
        stroke="currentColor"
        strokeWidth="0"
        style={
          Object {
            "color": "white",
          }
        }
        version="1.1"
        viewBox="0 0 16 16"
        width="1em"
        xmlns="http://www.w3.org/2000/svg"
      >
        <path
          d="M15.854 12.854c-0-0-0-0-0-0l-4.854-4.854 4.854-4.854c0-0 0-0 0-0 0.052-0.052 0.090-0.113 0.114-0.178 0.066-0.178 0.028-0.386-0.114-0.529l-2.293-2.293c-0.143-0.143-0.351-0.181-0.529-0.114-0.065 0.024-0.126 0.062-0.178 0.114 0 0-0 0-0 0l-4.854 4.854-4.854-4.854c-0-0-0-0-0-0-0.052-0.052-0.113-0.090-0.178-0.114-0.178-0.066-0.386-0.029-0.529 0.114l-2.293 2.293c-0.143 0.143-0.181 0.351-0.114 0.529 0.024 0.065 0.062 0.126 0.114 0.178 0 0 0 0 0 0l4.854 4.854-4.854 4.854c-0 0-0 0-0 0-0.052 0.052-0.090 0.113-0.114 0.178-0.066 0.178-0.029 0.386 0.114 0.529l2.293 2.293c0.143 0.143 0.351 0.181 0.529 0.114 0.065-0.024 0.126-0.062 0.178-0.114 0-0 0-0 0-0l4.854-4.854 4.854 4.854c0 0 0 0 0 0 0.052 0.052 0.113 0.090 0.178 0.114 0.178 0.066 0.386 0.029 0.529-0.114l2.293-2.293c0.143-0.143 0.181-0.351 0.114-0.529-0.024-0.065-0.062-0.126-0.114-0.178z"
        />
      </svg>
    </a>
  </nav>
</header>
`;
