// Jest Snapshot v1, https://goo.gl/fbAQLP

exports[`Footer 1`] = `
<footer
  className="sc-gtsrHT gWwMQg"
>
  <nav
    style={
      Object {
        "margin": "0px 1em 0px 1em",
      }
    }
  >
    <p>
      Â© 8oC 2021 Released under the MIT license
    </p>
  </nav>
  <nav
    style={
      Object {
        "margin": "0px 1em 0px 1em",
      }
    }
  >
    <a
      className="sc-bdnxRM hVhMjo"
      color="white"
      href="/contact"
      style={
        Object {
          "fontSize": "1em",
        }
      }
    >
      Contact us
    </a>
  </nav>
</footer>
`;
